python : C:\Users\eremy\AppData\Local\Programs\Python\Python312\Lib\site-packag
es\pytest_asyncio\plugin.py:247: PytestDeprecationWarning: The configuration 
option "asyncio_default_fixture_loop_scope" is unset.
Au caractère Ligne:1 : 1
+ python -m pytest tests/ -v --tb=short -q 2>&1 | Tee-Object -FilePath  ...
+ ~~~~~~~~~~~~~~~~~~~~~~~~~~~~~~~~~~~~~~~~~~~~~
    + CategoryInfo          : NotSpecified: (C:\Users\eremy\...cope" is unset. 
   :String) [], RemoteException
    + FullyQualifiedErrorId : NativeCommandError
 
The event loop scope for asynchronous fixtures will default to the fixture 
caching scope. Future versions of pytest-asyncio will default the loop scope 
for asynchronous fixtures to function scope. Set the default fixture loop 
scope explicitly in order to avoid unexpected behavior in the future. Valid 
fixture loop scopes are: "function", "class", "module", "package", "session"

  warnings.warn(PytestDeprecationWarning(_DEFAULT_FIXTURE_LOOP_SCOPE_UNSET))
============================= test session starts =============================
platform win32 -- Python 3.12.10, pytest-8.3.3, pluggy-1.6.0
rootdir: C:\Users\eremy\Documents\GitHub\sandbox-potager
plugins: anyio-4.12.1, asyncio-1.3.0
asyncio: mode=Mode.STRICT, debug=False, asyncio_default_fixture_loop_scope=None, asyncio_default_test_loop_scope=function
collected 159 items

tests\test_actions.py ......                                             [  3%]
tests\test_api.py FFFFE                                                  [  6%]
tests\test_bot.py ...                                                    [  8%]
tests\test_groq.py ....                                                  [ 10%]
tests\test_us001_003.py ...................                              [ 22%]
tests\test_us004_config_env.py ........                                  [ 27%]
tests\test_us005_deploiement.py ..................                       [ 38%]
tests\test_us_mise_en_godet.py .........................                 [ 54%]
tests\test_us_recolte_finale_cloture.py .....................            [ 67%]
tests\test_us_tracer_cycle_graines.py .................................. [ 89%]
.................                                                        [100%]

=================================== ERRORS ====================================
______________ ERROR at teardown of TestAPI.test_health_endpoint ______________
..\..\..\AppData\Local\Programs\Python\Python312\Lib\site-packages\sqlalchemy\engine\base.py:1127: in _rollback_impl
    self.engine.dialect.do_rollback(self.connection)
..\..\..\AppData\Local\Programs\Python\Python312\Lib\site-packages\sqlalchemy\engine\default.py:699: in do_rollback
    dbapi_connection.rollback()
E   sqlite3.ProgrammingError: SQLite objects created in a thread can only be used in that same thread. The object was created in thread id 7632 and this is thread id 50532.

The above exception was the direct cause of the following exception:
tests\conftest.py:31: in test_db
    db.rollback()
..\..\..\AppData\Local\Programs\Python\Python312\Lib\site-packages\sqlalchemy\orm\session.py:1990: in rollback
    self._transaction.rollback(_to_root=True)
..\..\..\AppData\Local\Programs\Python\Python312\Lib\site-packages\sqlalchemy\orm\state_changes.py:139: in _go
    ret_value = fn(self, *arg, **kw)
..\..\..\AppData\Local\Programs\Python\Python312\Lib\site-packages\sqlalchemy\orm\session.py:1395: in rollback
    raise rollback_err[1].with_traceback(rollback_err[2])
..\..\..\AppData\Local\Programs\Python\Python312\Lib\site-packages\sqlalchemy\orm\session.py:1360: in rollback
    t[1].rollback()
..\..\..\AppData\Local\Programs\Python\Python312\Lib\site-packages\sqlalchemy\engine\base.py:2610: in rollback
    self._do_rollback()
..\..\..\AppData\Local\Programs\Python\Python312\Lib\site-packages\sqlalchemy\engine\base.py:2729: in _do_rollback
    self._close_impl(try_deactivate=True)
..\..\..\AppData\Local\Programs\Python\Python312\Lib\site-packages\sqlalchemy\engine\base.py:2712: in _close_impl
    self._connection_rollback_impl()
..\..\..\AppData\Local\Programs\Python\Python312\Lib\site-packages\sqlalchemy\engine\base.py:2704: in _connection_rollback_impl
    self.connection._rollback_impl()
..\..\..\AppData\Local\Programs\Python\Python312\Lib\site-packages\sqlalchemy\engine\base.py:1129: in _rollback_impl
    self._handle_dbapi_exception(e, None, None, None, None)
..\..\..\AppData\Local\Programs\Python\Python312\Lib\site-packages\sqlalchemy\engine\base.py:2355: in _handle_dbapi_exception
    raise sqlalchemy_exception.with_traceback(exc_info[2]) from e
..\..\..\AppData\Local\Programs\Python\Python312\Lib\site-packages\sqlalchemy\engine\base.py:1127: in _rollback_impl
    self.engine.dialect.do_rollback(self.connection)
..\..\..\AppData\Local\Programs\Python\Python312\Lib\site-packages\sqlalchemy\engine\default.py:699: in do_rollback
    dbapi_connection.rollback()
E   sqlalchemy.exc.ProgrammingError: (sqlite3.ProgrammingError) SQLite objects created in a thread can only be used in that same thread. The object was created in thread id 7632 and this is thread id 50532.
E   (Background on this error at: https://sqlalche.me/e/20/f405)
---------------------------- Captured log teardown ----------------------------
ERROR    sqlalchemy.pool.impl.SingletonThreadPool:base.py:1008 Exception during reset or similar
Traceback (most recent call last):
  File "C:\Users\eremy\AppData\Local\Programs\Python\Python312\Lib\site-packages\sqlalchemy\pool\base.py", line 986, in _finalize_fairy
    fairy._reset(
  File "C:\Users\eremy\AppData\Local\Programs\Python\Python312\Lib\site-packages\sqlalchemy\pool\base.py", line 1432, in _reset
    pool._dialect.do_rollback(self)
  File "C:\Users\eremy\AppData\Local\Programs\Python\Python312\Lib\site-packages\sqlalchemy\engine\default.py", line 699, in do_rollback
    dbapi_connection.rollback()
sqlite3.ProgrammingError: SQLite objects created in a thread can only be used in that same thread. The object was created in thread id 7632 and this is thread id 50532.
ERROR    sqlalchemy.pool.impl.SingletonThreadPool:base.py:378 Exception terminating connection <sqlite3.Connection object at 0x000002180C1A67A0>
Traceback (most recent call last):
  File "C:\Users\eremy\AppData\Local\Programs\Python\Python312\Lib\site-packages\sqlalchemy\pool\base.py", line 986, in _finalize_fairy
    fairy._reset(
  File "C:\Users\eremy\AppData\Local\Programs\Python\Python312\Lib\site-packages\sqlalchemy\pool\base.py", line 1432, in _reset
    pool._dialect.do_rollback(self)
  File "C:\Users\eremy\AppData\Local\Programs\Python\Python312\Lib\site-packages\sqlalchemy\engine\default.py", line 699, in do_rollback
    dbapi_connection.rollback()
sqlite3.ProgrammingError: SQLite objects created in a thread can only be used in that same thread. The object was created in thread id 7632 and this is thread id 50532.

During handling of the above exception, another exception occurred:

Traceback (most recent call last):
  File "C:\Users\eremy\AppData\Local\Programs\Python\Python312\Lib\site-packages\sqlalchemy\pool\base.py", line 374, in _close_connection
    self._dialect.do_terminate(connection)
  File "C:\Users\eremy\AppData\Local\Programs\Python\Python312\Lib\site-packages\sqlalchemy\engine\default.py", line 705, in do_terminate
    self.do_close(dbapi_connection)
  File "C:\Users\eremy\AppData\Local\Programs\Python\Python312\Lib\site-packages\sqlalchemy\engine\default.py", line 708, in do_close
    dbapi_connection.close()
sqlite3.ProgrammingError: SQLite objects created in a thread can only be used in that same thread. The object was created in thread id 7632 and this is thread id 50532.
================================== FAILURES ===================================
__________________________ TestAPI.test_get_cultures __________________________
..\..\..\AppData\Local\Programs\Python\Python312\Lib\site-packages\sqlalchemy\engine\base.py:1967: in _exec_single_context
    self.dialect.do_execute(
..\..\..\AppData\Local\Programs\Python\Python312\Lib\site-packages\sqlalchemy\engine\default.py:941: in do_execute
    cursor.execute(statement, parameters)
E   sqlite3.OperationalError: no such table: culture_config

The above exception was the direct cause of the following exception:
tests\test_api.py:33: in test_get_cultures
    response = client.get("/cultures")
..\..\..\AppData\Local\Programs\Python\Python312\Lib\site-packages\starlette\testclient.py:518: in get
    return super().get(
..\..\..\AppData\Local\Programs\Python\Python312\Lib\site-packages\httpx\_client.py:1053: in get
    return self.request(
..\..\..\AppData\Local\Programs\Python\Python312\Lib\site-packages\starlette\testclient.py:488: in request
    return super().request(
..\..\..\AppData\Local\Programs\Python\Python312\Lib\site-packages\httpx\_client.py:825: in request
    return self.send(request, auth=auth, follow_redirects=follow_redirects)
..\..\..\AppData\Local\Programs\Python\Python312\Lib\site-packages\httpx\_client.py:914: in send
    response = self._send_handling_auth(
..\..\..\AppData\Local\Programs\Python\Python312\Lib\site-packages\httpx\_client.py:942: in _send_handling_auth
    response = self._send_handling_redirects(
..\..\..\AppData\Local\Programs\Python\Python312\Lib\site-packages\httpx\_client.py:979: in _send_handling_redirects
    response = self._send_single_request(request)
..\..\..\AppData\Local\Programs\Python\Python312\Lib\site-packages\httpx\_client.py:1014: in _send_single_request
    response = transport.handle_request(request)
..\..\..\AppData\Local\Programs\Python\Python312\Lib\site-packages\starlette\testclient.py:381: in handle_request
    raise exc
..\..\..\AppData\Local\Programs\Python\Python312\Lib\site-packages\starlette\testclient.py:378: in handle_request
    portal.call(self.app, scope, receive, send)
..\..\..\AppData\Local\Programs\Python\Python312\Lib\site-packages\anyio\from_thread.py:334: in call
    return cast(T_Retval, self.start_task_soon(func, *args).result())
..\..\..\AppData\Local\Programs\Python\Python312\Lib\concurrent\futures\_base.py:456: in result
    return self.__get_result()
..\..\..\AppData\Local\Programs\Python\Python312\Lib\concurrent\futures\_base.py:401: in __get_result
    raise self._exception
..\..\..\AppData\Local\Programs\Python\Python312\Lib\site-packages\anyio\from_thread.py:259: in _call_func
    retval = await retval_or_awaitable
..\..\..\AppData\Local\Programs\Python\Python312\Lib\site-packages\fastapi\applications.py:1054: in __call__
    await super().__call__(scope, receive, send)
..\..\..\AppData\Local\Programs\Python\Python312\Lib\site-packages\starlette\applications.py:113: in __call__
    await self.middleware_stack(scope, receive, send)
..\..\..\AppData\Local\Programs\Python\Python312\Lib\site-packages\starlette\middleware\errors.py:187: in __call__
    raise exc
..\..\..\AppData\Local\Programs\Python\Python312\Lib\site-packages\starlette\middleware\errors.py:165: in __call__
    await self.app(scope, receive, _send)
..\..\..\AppData\Local\Programs\Python\Python312\Lib\site-packages\starlette\middleware\exceptions.py:62: in __call__
    await wrap_app_handling_exceptions(self.app, conn)(scope, receive, send)
..\..\..\AppData\Local\Programs\Python\Python312\Lib\site-packages\starlette\_exception_handler.py:62: in wrapped_app
    raise exc
..\..\..\AppData\Local\Programs\Python\Python312\Lib\site-packages\starlette\_exception_handler.py:51: in wrapped_app
    await app(scope, receive, sender)
..\..\..\AppData\Local\Programs\Python\Python312\Lib\site-packages\starlette\routing.py:715: in __call__
    await self.middleware_stack(scope, receive, send)
..\..\..\AppData\Local\Programs\Python\Python312\Lib\site-packages\starlette\routing.py:735: in app
    await route.handle(scope, receive, send)
..\..\..\AppData\Local\Programs\Python\Python312\Lib\site-packages\starlette\routing.py:288: in handle
    await self.app(scope, receive, send)
..\..\..\AppData\Local\Programs\Python\Python312\Lib\site-packages\starlette\routing.py:76: in app
    await wrap_app_handling_exceptions(app, request)(scope, receive, send)
..\..\..\AppData\Local\Programs\Python\Python312\Lib\site-packages\starlette\_exception_handler.py:62: in wrapped_app
    raise exc
..\..\..\AppData\Local\Programs\Python\Python312\Lib\site-packages\starlette\_exception_handler.py:51: in wrapped_app
    await app(scope, receive, sender)
..\..\..\AppData\Local\Programs\Python\Python312\Lib\site-packages\starlette\routing.py:73: in app
    response = await f(request)
..\..\..\AppData\Local\Programs\Python\Python312\Lib\site-packages\fastapi\routing.py:301: in app
    raw_response = await run_endpoint_function(
..\..\..\AppData\Local\Programs\Python\Python312\Lib\site-packages\fastapi\routing.py:214: in run_endpoint_function
    return await run_in_threadpool(dependant.call, **values)
..\..\..\AppData\Local\Programs\Python\Python312\Lib\site-packages\starlette\concurrency.py:39: in run_in_threadpool
    return await anyio.to_thread.run_sync(func, *args)
..\..\..\AppData\Local\Programs\Python\Python312\Lib\site-packages\anyio\to_thread.py:63: in run_sync
    return await get_async_backend().run_sync_in_worker_thread(
..\..\..\AppData\Local\Programs\Python\Python312\Lib\site-packages\anyio\_backends\_asyncio.py:2502: in run_sync_in_worker_thread
    return await future
..\..\..\AppData\Local\Programs\Python\Python312\Lib\site-packages\anyio\_backends\_asyncio.py:986: in run
    result = context.run(func, *args)
main.py:73: in get_cultures
    cultures = db.query(CultureConfig).order_by(CultureConfig.nom).all()
..\..\..\AppData\Local\Programs\Python\Python312\Lib\site-packages\sqlalchemy\orm\query.py:2673: in all
    return self._iter().all()  # type: ignore
..\..\..\AppData\Local\Programs\Python\Python312\Lib\site-packages\sqlalchemy\orm\query.py:2827: in _iter
    result: Union[ScalarResult[_T], Result[_T]] = self.session.execute(
..\..\..\AppData\Local\Programs\Python\Python312\Lib\site-packages\sqlalchemy\orm\session.py:2362: in execute
    return self._execute_internal(
..\..\..\AppData\Local\Programs\Python\Python312\Lib\site-packages\sqlalchemy\orm\session.py:2247: in _execute_internal
    result: Result[Any] = compile_state_cls.orm_execute_statement(
..\..\..\AppData\Local\Programs\Python\Python312\Lib\site-packages\sqlalchemy\orm\context.py:305: in orm_execute_statement
    result = conn.execute(
..\..\..\AppData\Local\Programs\Python\Python312\Lib\site-packages\sqlalchemy\engine\base.py:1418: in execute
    return meth(
..\..\..\AppData\Local\Programs\Python\Python312\Lib\site-packages\sqlalchemy\sql\elements.py:515: in _execute_on_connection
    return connection._execute_clauseelement(
..\..\..\AppData\Local\Programs\Python\Python312\Lib\site-packages\sqlalchemy\engine\base.py:1640: in _execute_clauseelement
    ret = self._execute_context(
..\..\..\AppData\Local\Programs\Python\Python312\Lib\site-packages\sqlalchemy\engine\base.py:1846: in _execute_context
    return self._exec_single_context(
..\..\..\AppData\Local\Programs\Python\Python312\Lib\site-packages\sqlalchemy\engine\base.py:1986: in _exec_single_context
    self._handle_dbapi_exception(
..\..\..\AppData\Local\Programs\Python\Python312\Lib\site-packages\sqlalchemy\engine\base.py:2355: in _handle_dbapi_exception
    raise sqlalchemy_exception.with_traceback(exc_info[2]) from e
..\..\..\AppData\Local\Programs\Python\Python312\Lib\site-packages\sqlalchemy\engine\base.py:1967: in _exec_single_context
    self.dialect.do_execute(
..\..\..\AppData\Local\Programs\Python\Python312\Lib\site-packages\sqlalchemy\engine\default.py:941: in do_execute
    cursor.execute(statement, parameters)
E   sqlalchemy.exc.OperationalError: (sqlite3.OperationalError) no such table: culture_config
E   [SQL: SELECT culture_config.id AS culture_config_id, culture_config.nom AS culture_config_nom, culture_config.type_organe_recolte AS culture_config_type_organe_recolte, culture_config.description_agronomique AS culture_config_description_agronomique 
E   FROM culture_config ORDER BY culture_config.nom]
E   (Background on this error at: https://sqlalche.me/e/20/e3q8)
_______________ TestAPI.test_parse_inherits_type_organe_recolte _______________
tests\test_api.py:54: in test_parse_inherits_type_organe_recolte
    assert response.status_code == 200
E   assert 500 == 200
E    +  where 500 = <Response [500 Internal Server Error]>.status_code
_________________ TestAPI.test_parse_unknown_culture_no_type __________________
tests\test_api.py:73: in test_parse_unknown_culture_no_type
    assert response.status_code == 200
E   assert 500 == 200
E    +  where 500 = <Response [500 Internal Server Error]>.status_code
________________________ TestAPI.test_health_endpoint _________________________
..\..\..\AppData\Local\Programs\Python\Python312\Lib\site-packages\sqlalchemy\engine\base.py:1967: in _exec_single_context
    self.dialect.do_execute(
..\..\..\AppData\Local\Programs\Python\Python312\Lib\site-packages\sqlalchemy\engine\default.py:941: in do_execute
    cursor.execute(statement, parameters)
E   sqlite3.OperationalError: no such table: evenements

The above exception was the direct cause of the following exception:
tests\test_api.py:81: in test_health_endpoint
    response = client.get("/health")
..\..\..\AppData\Local\Programs\Python\Python312\Lib\site-packages\starlette\testclient.py:518: in get
    return super().get(
..\..\..\AppData\Local\Programs\Python\Python312\Lib\site-packages\httpx\_client.py:1053: in get
    return self.request(
..\..\..\AppData\Local\Programs\Python\Python312\Lib\site-packages\starlette\testclient.py:488: in request
    return super().request(
..\..\..\AppData\Local\Programs\Python\Python312\Lib\site-packages\httpx\_client.py:825: in request
    return self.send(request, auth=auth, follow_redirects=follow_redirects)
..\..\..\AppData\Local\Programs\Python\Python312\Lib\site-packages\httpx\_client.py:914: in send
    response = self._send_handling_auth(
..\..\..\AppData\Local\Programs\Python\Python312\Lib\site-packages\httpx\_client.py:942: in _send_handling_auth
    response = self._send_handling_redirects(
..\..\..\AppData\Local\Programs\Python\Python312\Lib\site-packages\httpx\_client.py:979: in _send_handling_redirects
    response = self._send_single_request(request)
..\..\..\AppData\Local\Programs\Python\Python312\Lib\site-packages\httpx\_client.py:1014: in _send_single_request
    response = transport.handle_request(request)
..\..\..\AppData\Local\Programs\Python\Python312\Lib\site-packages\starlette\testclient.py:381: in handle_request
    raise exc
..\..\..\AppData\Local\Programs\Python\Python312\Lib\site-packages\starlette\testclient.py:378: in handle_request
    portal.call(self.app, scope, receive, send)
..\..\..\AppData\Local\Programs\Python\Python312\Lib\site-packages\anyio\from_thread.py:334: in call
    return cast(T_Retval, self.start_task_soon(func, *args).result())
..\..\..\AppData\Local\Programs\Python\Python312\Lib\concurrent\futures\_base.py:456: in result
    return self.__get_result()
..\..\..\AppData\Local\Programs\Python\Python312\Lib\concurrent\futures\_base.py:401: in __get_result
    raise self._exception
..\..\..\AppData\Local\Programs\Python\Python312\Lib\site-packages\anyio\from_thread.py:259: in _call_func
    retval = await retval_or_awaitable
..\..\..\AppData\Local\Programs\Python\Python312\Lib\site-packages\fastapi\applications.py:1054: in __call__
    await super().__call__(scope, receive, send)
..\..\..\AppData\Local\Programs\Python\Python312\Lib\site-packages\starlette\applications.py:113: in __call__
    await self.middleware_stack(scope, receive, send)
..\..\..\AppData\Local\Programs\Python\Python312\Lib\site-packages\starlette\middleware\errors.py:187: in __call__
    raise exc
..\..\..\AppData\Local\Programs\Python\Python312\Lib\site-packages\starlette\middleware\errors.py:165: in __call__
    await self.app(scope, receive, _send)
..\..\..\AppData\Local\Programs\Python\Python312\Lib\site-packages\starlette\middleware\exceptions.py:62: in __call__
    await wrap_app_handling_exceptions(self.app, conn)(scope, receive, send)
..\..\..\AppData\Local\Programs\Python\Python312\Lib\site-packages\starlette\_exception_handler.py:62: in wrapped_app
    raise exc
..\..\..\AppData\Local\Programs\Python\Python312\Lib\site-packages\starlette\_exception_handler.py:51: in wrapped_app
    await app(scope, receive, sender)
..\..\..\AppData\Local\Programs\Python\Python312\Lib\site-packages\starlette\routing.py:715: in __call__
    await self.middleware_stack(scope, receive, send)
..\..\..\AppData\Local\Programs\Python\Python312\Lib\site-packages\starlette\routing.py:735: in app
    await route.handle(scope, receive, send)
..\..\..\AppData\Local\Programs\Python\Python312\Lib\site-packages\starlette\routing.py:288: in handle
    await self.app(scope, receive, send)
..\..\..\AppData\Local\Programs\Python\Python312\Lib\site-packages\starlette\routing.py:76: in app
    await wrap_app_handling_exceptions(app, request)(scope, receive, send)
..\..\..\AppData\Local\Programs\Python\Python312\Lib\site-packages\starlette\_exception_handler.py:62: in wrapped_app
    raise exc
..\..\..\AppData\Local\Programs\Python\Python312\Lib\site-packages\starlette\_exception_handler.py:51: in wrapped_app
    await app(scope, receive, sender)
..\..\..\AppData\Local\Programs\Python\Python312\Lib\site-packages\starlette\routing.py:73: in app
    response = await f(request)
..\..\..\AppData\Local\Programs\Python\Python312\Lib\site-packages\fastapi\routing.py:301: in app
    raw_response = await run_endpoint_function(
..\..\..\AppData\Local\Programs\Python\Python312\Lib\site-packages\fastapi\routing.py:214: in run_endpoint_function
    return await run_in_threadpool(dependant.call, **values)
..\..\..\AppData\Local\Programs\Python\Python312\Lib\site-packages\starlette\concurrency.py:39: in run_in_threadpool
    return await anyio.to_thread.run_sync(func, *args)
..\..\..\AppData\Local\Programs\Python\Python312\Lib\site-packages\anyio\to_thread.py:63: in run_sync
    return await get_async_backend().run_sync_in_worker_thread(
..\..\..\AppData\Local\Programs\Python\Python312\Lib\site-packages\anyio\_backends\_asyncio.py:2502: in run_sync_in_worker_thread
    return await future
..\..\..\AppData\Local\Programs\Python\Python312\Lib\site-packages\anyio\_backends\_asyncio.py:986: in run
    result = context.run(func, *args)
main.py:54: in health
    nb = db.query(Evenement).count()
..\..\..\AppData\Local\Programs\Python\Python312\Lib\site-packages\sqlalchemy\orm\query.py:3113: in count
    self._legacy_from_self(col).enable_eagerloads(False).scalar()
..\..\..\AppData\Local\Programs\Python\Python312\Lib\site-packages\sqlalchemy\orm\query.py:2805: in scalar
    ret = self.one()
..\..\..\AppData\Local\Programs\Python\Python312\Lib\site-packages\sqlalchemy\orm\query.py:2778: in one
    return self._iter().one()  # type: ignore
..\..\..\AppData\Local\Programs\Python\Python312\Lib\site-packages\sqlalchemy\orm\query.py:2827: in _iter
    result: Union[ScalarResult[_T], Result[_T]] = self.session.execute(
..\..\..\AppData\Local\Programs\Python\Python312\Lib\site-packages\sqlalchemy\orm\session.py:2362: in execute
    return self._execute_internal(
..\..\..\AppData\Local\Programs\Python\Python312\Lib\site-packages\sqlalchemy\orm\session.py:2247: in _execute_internal
    result: Result[Any] = compile_state_cls.orm_execute_statement(
..\..\..\AppData\Local\Programs\Python\Python312\Lib\site-packages\sqlalchemy\orm\context.py:305: in orm_execute_statement
    result = conn.execute(
..\..\..\AppData\Local\Programs\Python\Python312\Lib\site-packages\sqlalchemy\engine\base.py:1418: in execute
    return meth(
..\..\..\AppData\Local\Programs\Python\Python312\Lib\site-packages\sqlalchemy\sql\elements.py:515: in _execute_on_connection
    return connection._execute_clauseelement(
..\..\..\AppData\Local\Programs\Python\Python312\Lib\site-packages\sqlalchemy\engine\base.py:1640: in _execute_clauseelement
    ret = self._execute_context(
..\..\..\AppData\Local\Programs\Python\Python312\Lib\site-packages\sqlalchemy\engine\base.py:1846: in _execute_context
    return self._exec_single_context(
..\..\..\AppData\Local\Programs\Python\Python312\Lib\site-packages\sqlalchemy\engine\base.py:1986: in _exec_single_context
    self._handle_dbapi_exception(
..\..\..\AppData\Local\Programs\Python\Python312\Lib\site-packages\sqlalchemy\engine\base.py:2355: in _handle_dbapi_exception
    raise sqlalchemy_exception.with_traceback(exc_info[2]) from e
..\..\..\AppData\Local\Programs\Python\Python312\Lib\site-packages\sqlalchemy\engine\base.py:1967: in _exec_single_context
    self.dialect.do_execute(
..\..\..\AppData\Local\Programs\Python\Python312\Lib\site-packages\sqlalchemy\engine\default.py:941: in do_execute
    cursor.execute(statement, parameters)
E   sqlalchemy.exc.OperationalError: (sqlite3.OperationalError) no such table: evenements
E   [SQL: SELECT count(*) AS count_1 
E   FROM (SELECT evenements.id AS evenements_id, evenements.date AS evenements_date, evenements.type_action AS evenements_type_action, evenements.culture AS evenements_culture, evenements.variete AS evenements_variete, evenements.quantite AS evenements_quantite, evenements.unite AS evenements_unite, evenements.parcelle AS evenements_parcelle, evenements.rang AS evenements_rang, evenements.duree AS evenements_duree, evenements.traitement AS evenements_traitement, evenements.commentaire AS evenements_commentaire, evenements.texte_original AS evenements_texte_original, evenements.type_organe_recolte AS evenements_type_organe_recolte, evenements.nb_graines_semees AS evenements_nb_graines_semees, evenements.nb_plants_godets AS evenements_nb_plants_godets, evenements.origine_graines_id AS evenements_origine_graines_id 
E   FROM evenements) AS anon_1]
E   (Background on this error at: https://sqlalche.me/e/20/e3q8)
=========================== short test summary info ===========================
FAILED tests/test_api.py::TestAPI::test_get_cultures - sqlalchemy.exc.Operati...
FAILED tests/test_api.py::TestAPI::test_parse_inherits_type_organe_recolte - ...
FAILED tests/test_api.py::TestAPI::test_parse_unknown_culture_no_type - asser...
FAILED tests/test_api.py::TestAPI::test_health_endpoint - sqlalchemy.exc.Oper...
ERROR tests/test_api.py::TestAPI::test_health_endpoint - sqlalchemy.exc.Progr...
=================== 4 failed, 155 passed, 1 error in 2.75s ====================
